src/components/ui/animated-shader-hero.tsx(265,49): error TS2556: A spread argument must either have a tuple type or be passed to a rest parameter.
src/components/ui/animated-shader-hero.tsx(267,50): error TS2556: A spread argument must either have a tuple type or be passed to a rest parameter.
